// Jest Snapshot v1, https://goo.gl/fbAQLP

exports[`Components Snapshots test renders home as intended 1`] = `
<div>
  <h2
    className="home-title"
  >
    Welcome to Magician Page!
  </h2>
  <p
    className="paragraph"
  >
    Math magicians is a website for all fans of mathematics.
    <br />
    It is a Single Page App (SPA) that allows users to:
    <ul>
      <li>
        Make simple calculations.
      </li>
      <li>
        Read a random math-related quote.
      </li>
    </ul>
  </p>
  <p
    className="paragraph"
  >
    By building this simple application, I was able to learn how to use React.
  </p>
</div>
`;

exports[`Components Snapshots test renders quote as intended 1`] = `
<p
  className="p-quote"
>
  Mathematics is not about numbers, equations, computations, or algorithms: It\`s about understanding. - Williams Paul
</p>
`;
